vulkan.comp
Warning, version 450 is not yet complete; most version-specific features are present, but some are missing.
ERROR: 0:5: 'local_size' : cannot change previously set size 
ERROR: 1 compilation errors.  No code generated.


SPIR-V is not generated for failed compile or link
